// Jest Snapshot v1, https://goo.gl/fbAQLP

exports[`snapshot 1`] = `
<Text
  adjustsFontSizeToFit={true}
  style={
    [
      {
        "fontFamily": "Poppins",
      },
      undefined,
      {
        "color": "#271A51",
        "fontSize": undefined,
        "fontWeight": undefined,
        "lineHeight": undefined,
      },
    ]
  }
/>
`;
