// Jest Snapshot v1, https://goo.gl/fbAQLP

exports[`swicth snapshot 1`] = `
<View
  accessibilityState={
    {
      "busy": undefined,
      "checked": undefined,
      "disabled": undefined,
      "expanded": undefined,
      "selected": undefined,
    }
  }
  accessibilityValue={
    {
      "max": undefined,
      "min": undefined,
      "now": undefined,
      "text": undefined,
    }
  }
  accessible={true}
  collapsable={false}
  focusable={true}
  onClick={[Function]}
  onResponderGrant={[Function]}
  onResponderMove={[Function]}
  onResponderRelease={[Function]}
  onResponderTerminate={[Function]}
  onResponderTerminationRequest={[Function]}
  onStartShouldSetResponder={[Function]}
  style={
    {
      "alignItems": "flex-start",
      "backgroundColor": "#f4f8e7",
      "borderColor": "#D3E6F8",
      "borderRadius": 30,
      "height": 22,
      "justifyContent": "center",
      "opacity": 1,
      "width": 37,
    }
  }
>
  <View
    style={
      [
        {
          "backgroundColor": "#FFFFFF",
          "borderRadius": 10,
          "height": 20,
          "marginLeft": 1,
          "width": 20,
        },
        false,
      ]
    }
  />
</View>
`;
